kubectl run nginx --image=nginx

ubuntu@kmaster:~/Desktop/niv$ kubectl get all
NAME                         READY   STATUS              RESTARTS   AGE
pod/nginx-7bb7cd8db5-qfrhm   0/1     ContainerCreating   0          8s


NAME                 TYPE        CLUSTER-IP   EXTERNAL-IP   PORT(S)   AGE
service/kubernetes   ClusterIP   10.96.0.1    <none>        443/TCP   5d


NAME                    READY   UP-TO-DATE   AVAILABLE   AGE
deployment.apps/nginx   0/1     1            0           8s

NAME                               DESIRED   CURRENT   READY   AGE
replicaset.apps/nginx-7bb7cd8db5   1         1         0       8s



ubuntu@kmaster:~/Desktop/niv$ kubectl delete deployment nginx
deployment.extensions "nginx" deleted



####################################################################################################


ubuntu@kmaster:~/Desktop/niv$ kubectl create -f pod-definition.yml 

ubuntu@kmaster:~/Desktop/niv$ kubectl get all
NAME            READY   STATUS    RESTARTS   AGE
pod/myapp-pod   1/1     Running   0          6s


NAME                 TYPE        CLUSTER-IP   EXTERNAL-IP   PORT(S)   AGE
service/kubernetes   ClusterIP   10.96.0.1    <none>        443/TCP   5d

ubuntu@kmaster:~/Desktop/niv$ kubectl delete pod myapp-pod



####################################################################################################

ubuntu@kmaster:~/Desktop/niv$ kubectl create -f rc-definition.yml 


ubuntu@kmaster:~/Desktop/niv$ kubectl get all
NAME                 READY   STATUS    RESTARTS   AGE
pod/myapp-rc-l7wt7   1/1     Running   0          54s
pod/myapp-rc-lqcp7   1/1     Running   0          54s
pod/myapp-rc-qbhjq   1/1     Running   0          54s

NAME                             DESIRED   CURRENT   READY   AGE
replicationcontroller/myapp-rc   3         3         3       54s

NAME                 TYPE        CLUSTER-IP   EXTERNAL-IP   PORT(S)   AGE
service/kubernetes   ClusterIP   10.96.0.1    <none>        443/TCP   5d


ubuntu@kmaster:~/Desktop/niv$ kubectl get replicationcontroller
NAME       DESIRED   CURRENT   READY   AGE
myapp-rc   3         3         3       115s


ubuntu@kmaster:~/Desktop/niv$ kubectl describe replicationcontroller
Name:         myapp-rc
Namespace:    default
Selector:     app=myapp,type=front-end
Labels:       app=myapp
              type=front-end
Annotations:  <none>
Replicas:     3 current / 3 desired
Pods Status:  3 Running / 0 Waiting / 0 Succeeded / 0 Failed
Pod Template:
  Labels:  app=myapp
           type=front-end
  Containers:
   nginx-container:
    Image:        nginx
    Port:         <none>
    Host Port:    <none>
    Environment:  <none>
    Mounts:       <none>
  Volumes:        <none>
Events:
  Type    Reason            Age    From                    Message
  ----    ------            ----   ----                    -------
  Normal  SuccessfulCreate  2m34s  replication-controller  Created pod: myapp-rc-qbhjq
  Normal  SuccessfulCreate  2m34s  replication-controller  Created pod: myapp-rc-lqcp7
  Normal  SuccessfulCreate  2m34s  replication-controller  Created pod: myapp-rc-l7wt7


ubuntu@kmaster:~/Desktop/niv$ kubectl delete rc myapp-rc




####################################################################################################

ubuntu@kmaster:~/Desktop/niv$ kubectl create -f replicaset-definition.yml 

ubuntu@kmaster:~/Desktop/niv$ kubectl get all
NAME                         READY   STATUS    RESTARTS   AGE
pod/myapp-replicaset-7x4cb   1/1     Running   0          29s
pod/myapp-replicaset-pwgbc   1/1     Running   0          29s
pod/myapp-replicaset-xp2n4   1/1     Running   0          29s


NAME                 TYPE        CLUSTER-IP   EXTERNAL-IP   PORT(S)   AGE
service/kubernetes   ClusterIP   10.96.0.1    <none>        443/TCP   5d



NAME                               DESIRED   CURRENT   READY   AGE
replicaset.apps/myapp-replicaset   3         3         3       29s


ubuntu@kmaster:~/Desktop/niv$ kubectl describe replicaset
Name:         myapp-replicaset
Namespace:    default
Selector:     app=myapp
Labels:       app=myapp
              type=front-end
Annotations:  <none>
Replicas:     3 current / 3 desired
Pods Status:  3 Running / 0 Waiting / 0 Succeeded / 0 Failed
Pod Template:
  Labels:  app=myapp
           type=front-end
  Containers:
   nginx-container:
    Image:        nginx
    Port:         <none>
    Host Port:    <none>
    Environment:  <none>
    Mounts:       <none>
  Volumes:        <none>
Events:
  Type    Reason            Age   From                   Message
  ----    ------            ----  ----                   -------
  Normal  SuccessfulCreate  95s   replicaset-controller  Created pod: myapp-replicaset-7x4cb
  Normal  SuccessfulCreate  95s   replicaset-controller  Created pod: myapp-replicaset-pwgbc
  Normal  SuccessfulCreate  95s   replicaset-controller  Created pod: myapp-replicaset-xp2n4


ubuntu@kmaster:~/Desktop/niv$ kubectl scale --replicas=4 -f replicaset-definition.yml 
replicaset.apps/myapp-replicaset scaled


ubuntu@kmaster:~/Desktop/niv$ kubectl get pods -o wide
NAME                     READY   STATUS    RESTARTS   AGE    IP            NODE      NOMINATED NODE   READINESS GATES
myapp-replicaset-7x4cb   1/1     Running   0          4m6s   10.244.1.14   kslave1   <none>           <none>
myapp-replicaset-pwgbc   1/1     Running   0          4m6s   10.244.2.12   kslave2   <none>           <none>
myapp-replicaset-xp2n4   1/1     Running   0          4m6s   10.244.2.13   kslave2   <none>           <none>
myapp-replicaset-xtk6n   1/1     Running   0          19s    10.244.1.15   kslave1   <none>           <none>


ubuntu@kmaster:~/Desktop/niv$ kubectl replace -f replicaset-definition.yml 

ubuntu@kmaster:~/Desktop/niv$ kubectl get pods -o wide
NAME                     READY   STATUS    RESTARTS   AGE     IP            NODE      NOMINATED NODE   READINESS GATES
myapp-replicaset-7x4cb   1/1     Running   0          7m26s   10.244.1.14   kslave1   <none>           <none>
myapp-replicaset-b9c55   1/1     Running   0          67s     10.244.1.16   kslave1   <none>           <none>
myapp-replicaset-fkqfr   1/1     Running   0          67s     10.244.2.14   kslave2   <none>           <none>
myapp-replicaset-l7nnl   1/1     Running   0          67s     10.244.1.17   kslave1   <none>           <none>
myapp-replicaset-pwgbc   1/1     Running   0          7m26s   10.244.2.12   kslave2   <none>           <none>
myapp-replicaset-xp2n4   1/1     Running   0          7m26s   10.244.2.13   kslave2   <none>           <none>

ubuntu@kmaster:~/Desktop/niv$ kubectl delete replicaset myapp-replicaset


####################################################################################################

ubuntu@kmaster:~/Desktop/niv$ kubectl create -f deployment-definition.yml 


ubuntu@kmaster:~/Desktop/niv$ kubectl get all
NAME                                   READY   STATUS    RESTARTS   AGE
pod/myapp-replicaset-5dcf6cc75-5kpkk   1/1     Running   0          19s
pod/myapp-replicaset-5dcf6cc75-dm4gg   1/1     Running   0          19s
pod/myapp-replicaset-5dcf6cc75-h2f5z   1/1     Running   0          19s
pod/myapp-replicaset-5dcf6cc75-mr4kj   1/1     Running   0          19s
pod/myapp-replicaset-5dcf6cc75-wnsgd   1/1     Running   0          19s
pod/myapp-replicaset-5dcf6cc75-zb97q   1/1     Running   0          19s


NAME                 TYPE        CLUSTER-IP   EXTERNAL-IP   PORT(S)   AGE
service/kubernetes   ClusterIP   10.96.0.1    <none>        443/TCP   5d1h


NAME                               READY   UP-TO-DATE   AVAILABLE   AGE
deployment.apps/myapp-replicaset   6/6     6            6           19s

NAME                                         DESIRED   CURRENT   READY   AGE
replicaset.apps/myapp-replicaset-5dcf6cc75   6         6         6       19s



ubuntu@kmaster:~/Desktop/niv$ kubectl describe deployment
Name:                   myapp-replicaset
Namespace:              default
CreationTimestamp:      Tue, 21 Apr 2020 13:13:30 +0000
Labels:                 app=myapp
                        type=front-end
Annotations:            deployment.kubernetes.io/revision: 1
Selector:               app=myapp
Replicas:               6 desired | 6 updated | 6 total | 6 available | 0 unavailable
StrategyType:           RollingUpdate
MinReadySeconds:        0
RollingUpdateStrategy:  25% max unavailable, 25% max surge
Pod Template:
  Labels:  app=myapp
  Containers:
   nginx-container:
    Image:        nginx
    Port:         <none>
    Host Port:    <none>
    Environment:  <none>
    Mounts:       <none>
  Volumes:        <none>
Conditions:
  Type           Status  Reason
  ----           ------  ------
  Available      True    MinimumReplicasAvailable
  Progressing    True    NewReplicaSetAvailable
OldReplicaSets:  <none>
NewReplicaSet:   myapp-replicaset-5dcf6cc75 (6/6 replicas created)
Events:
  Type    Reason             Age   From                   Message
  ----    ------             ----  ----                   -------
  Normal  ScalingReplicaSet  43s   deployment-controller  Scaled up replica set myapp-replicaset-5dcf6cc75 to 6


ubuntu@kmaster:~/Desktop/niv$ kubectl apply -f  deployment-definition.yml 


ubuntu@kmaster:~/Desktop/niv$ kubectl rollout history deployment/myapp-deployment
deployment.extensions/myapp-deployment 
REVISION  CHANGE-CAUSE
1         kubectl create --filename=deployment-definition.yml --record=true
2         kubectl create --filename=deployment-definition.yml --record=true


ubuntu@kmaster:~/Desktop/niv$ kubectl set image deployment/myapp-deployment nginx-container=nginx1.12-perl


ubuntu@kmaster:~/Desktop/niv$ kubectl get pods
NAME                                READY   STATUS             RESTARTS   AGE
myapp-deployment-5644485c69-5ps72   0/1     ImagePullBackOff   0          108s
myapp-deployment-5644485c69-5wqgj   0/1     ErrImagePull       0          108s
myapp-deployment-5644485c69-xdkbv   0/1     ErrImagePull       0          108s
myapp-deployment-7cff8fd649-266h4   1/1     Running            0          3m45s
myapp-deployment-7cff8fd649-46fzn   1/1     Running            0          3m45s
myapp-deployment-7cff8fd649-4l6fv   1/1     Running            0          3m37s
myapp-deployment-7cff8fd649-rg4bb   1/1     Running            0          3m45s
myapp-deployment-7cff8fd649-wn8fz   1/1     Running            0          3m36s


ubuntu@kmaster:~/Desktop/niv$ kubectl rollout undo deployment/myapp-deployment


ubuntu@kmaster:~/Desktop/niv$ kubectl rollout history deployment/myapp-deployment
deployment.extensions/myapp-deployment 
REVISION  CHANGE-CAUSE
1         kubectl create --filename=deployment-definition.yml --record=true
3         kubectl create --filename=deployment-definition.yml --record=true
4         kubectl create --filename=deployment-definition.yml --record=true

ter:~/Desktop/niv$ kubectl get all
NAME                                    READY   STATUS    RESTARTS   AGE
pod/myapp-deployment-7cff8fd649-266h4   1/1     Running   0          18m
pod/myapp-deployment-7cff8fd649-46fzn   1/1     Running   0          18m
pod/myapp-deployment-7cff8fd649-4l6fv   1/1     Running   0          18m
pod/myapp-deployment-7cff8fd649-rg4bb   1/1     Running   0          18m
pod/myapp-deployment-7cff8fd649-ssp7w   1/1     Running   0          13m
pod/myapp-deployment-7cff8fd649-wn8fz   1/1     Running   0          18m


NAME                    TYPE        CLUSTER-IP     EXTERNAL-IP   PORT(S)        AGE
service/kubernetes      ClusterIP   10.96.0.1      <none>        443/TCP        5d1h
service/myapp-service   NodePort    10.98.155.46   <none>        80:30008/TCP   4m41s


NAME                               READY   UP-TO-DATE   AVAILABLE   AGE
deployment.apps/myapp-deployment   6/6     6            6           24m

NAME                                          DESIRED   CURRENT   READY   AGE
replicaset.apps/myapp-deployment-5644485c69   0         0         0       16m
replicaset.apps/myapp-deployment-5dcf6cc75    0         0         0       24m
replicaset.apps/myapp-deployment-7cff8fd649   6         6         6       18m


ubuntu@kmaster:~/Desktop/niv$ kubectl get services
NAME            TYPE        CLUSTER-IP     EXTERNAL-IP   PORT(S)        AGE
kubernetes      ClusterIP   10.96.0.1      <none>        443/TCP        5d1h
myapp-service   NodePort    10.98.155.46   <none>        80:30008/TCP   6m35s
ubuntu@kmaster:~/Desktop/niv$ 



####################################################################################################

ubuntu@kmaster:~/Desktop/niv$ kubectl create -f service-definition.yml 


####################################################################################################
